[itbyjayce.durablesites.com/indexcfcb.html]
[backblue.gif]
[fade.gif]
[index.html]
[itbyjayce.durablesites.com/_next/static/css/dc6c54cf3e30cdd6.css]
[itbyjayce.durablesites.com/_next/static/css/6ad5f70cb56137d7.css]
[itbyjayce.durablesites.com/index7959.html]
[itbyjayce.durablesites.com/_next/static/css/26a1a5c22ee4e247.css]
[itbyjayce.durablesites.com/_next/static/chunks/polyfills-c67a75d1b6f99dc8.js]
[itbyjayce.durablesites.com/_next/static/chunks/1379.a42851f360dd78cb.js]
[itbyjayce.durablesites.com/_next/static/chunks/94726e6d.7f2b3b7a2ac48163.js]
[itbyjayce.durablesites.com/_next/static/chunks/4715.f9edd631f6d53dab.js]
[itbyjayce.durablesites.com/_next/static/chunks/925.3545f658b57e4489.js]
[itbyjayce.durablesites.com/_next/static/chunks/7530.5de2131297c112cd.js]
[itbyjayce.durablesites.com/_next/static/chunks/9910.0ec7cb579ec94b9e.js]
[itbyjayce.durablesites.com/_next/static/chunks/120-9aa0e12b8112f0af.js]
[itbyjayce.durablesites.com/_next/static/chunks/5676-a1560051dc3b6202.js]
[itbyjayce.durablesites.com/_next/static/chunks/8346.184120abeb334640.js]
[itbyjayce.durablesites.com/_next/static/chunks/8589.eea9a32cd270be2a.js]
[itbyjayce.durablesites.com/_next/static/chunks/webpack-96073729791bab9e.js]
[itbyjayce.durablesites.com/_next/static/chunks/framework-d805b48c0466ba30.js]
[itbyjayce.durablesites.com/_next/static/chunks/main-d23a437884bebb8d.js]
[itbyjayce.durablesites.com/_next/static/chunks/pages/_app-e4dda47183cac0dc.js]
[itbyjayce.durablesites.com/_next/static/chunks/4550-f943ef8bad4fcbab.js]
[itbyjayce.durablesites.com/_next/static/chunks/1942-be78bead1018cf2d.js]
[itbyjayce.durablesites.com/_next/static/chunks/pages/[[...slug]]-4fd2a549c0568b2e.js]
[itbyjayce.durablesites.com/_next/static/TN_z-hZ9bmP8lk0wMaaPR/_buildManifest.js]
[itbyjayce.durablesites.com/_next/static/TN_z-hZ9bmP8lk0wMaaPR/_ssgManifest.js]
[cdn.durable.co/getty/17MV5cTeyzI5zYEkF5JzP7mCaVK58AAKEGquPw9bgvhj0TtP9Hvim1jL9z0tthxF.jpg]
[itbyjayce.durablesites.com/index.html]
[cdn.durable.co/getty/3bqAOxbmLsfoKrstODjKACW0Nx9UtWqx7Ehv8H6chzWfMKsZOVPrJplLOvW1vXm7.jpg]
[cdn.durable.co/getty/3ahpkz7PmOH9MG8mUH85O5GSjJsxG69gcV0hrImTt6tOpbLpVdvTXIYfEJ69wmOk.jpg]
[cdn.durable.co/assets/logo-showcase/logo-ipsum-1.png]
[cdn.durable.co/assets/logo-showcase/logo-ipsum-2.png]
[cdn.durable.co/assets/logo-showcase/logo-ipsum-3.png]
[cdn.durable.co/assets/logo-showcase/logo-ipsum-4.png]
[cdn.durable.co/assets/logo-showcase/logo-ipsum-5.png]
[cdn.durable.co/assets/logo-showcase/logo-ipsum-6.png]
[cdn.durable.co/assets/logo-showcase/logo-ipsum-7.png]
[cdn.durable.co/assets/logo-showcase/logo-ipsum-8.png]
[itbyjayce.durablesites.com/_https_/static.thenounproject.com/png/636949-200.html]
[itbyjayce.durablesites.com/_https_/static.thenounproject.com/png/694952-200.html]
[itbyjayce.durablesites.com/_https_/static.thenounproject.com/png/564713-200.html]
[itbyjayce.durablesites.com/_https_/static.thenounproject.com/png/199534-200.html]
[itbyjayce.durablesites.com/_https_/static.thenounproject.com/png/518267-200.html]
[itbyjayce.durablesites.com/_https_/static.thenounproject.com/png/353154-200.html]
[itbyjayce.durablesites.com/_next/32ZP35I6ZIvSFNnaXeV9PtAsITSAov8WGS3fZbBABR2fOwHpnvNcbTZj8vGCkljU6662.jpeg]
[itbyjayce.durablesites.com/_next/1cruXE85wthqyW5FlPvTG8DD26yQ1qSx5KABS5gTVmhej3oUar7AWSD1oxOhG8i5d7e5.jpeg]
[itbyjayce.durablesites.com/_next/5PurimKfuEYXtdeXZZUU8NmrgKoGOv3OfI8XKE4zyVDhEVVz1dVQI37hzlW7GE5N3ee3.jpeg]
[itbyjayce.durablesites.com/indexcfcb.html]
[itbyjayce.durablesites.com/index7959.html]
[itbyjayce.durablesites.com/_next/static/css/dc6c54cf3e30cdd6.css]
[itbyjayce.durablesites.com/_next/static/css/6ad5f70cb56137d7.css]
[itbyjayce.durablesites.com/_next/static/css/26a1a5c22ee4e247.css]
[itbyjayce.durablesites.com/index.html]
[itbyjayce.durablesites.com/_https_/static.thenounproject.com/png/636949-200.html]
[itbyjayce.durablesites.com/_https_/static.thenounproject.com/png/694952-200.html]
[itbyjayce.durablesites.com/_https_/static.thenounproject.com/png/564713-200.html]
[itbyjayce.durablesites.com/_https_/static.thenounproject.com/png/199534-200.html]
[itbyjayce.durablesites.com/_https_/static.thenounproject.com/png/518267-200.html]
[itbyjayce.durablesites.com/_https_/static.thenounproject.com/png/353154-200.html]
